[loop] start workspace=C:\Users\Windows11\Desktop\alpha batch_size=60 cycles=unbounded resilient=False submit_drain=False
[loop] log_file=C:\Users\Windows11\Desktop\alpha\pipeline_loop.log
[loop] ===== cycle 1 =====
[loop] cycle_1/simulate mode=full log=pipeline_loop.log
[factory] {"baseline_pass": 0, "deferred_reason": "", "descriptions_validated": 0, "failed": 0, "far_fail": 0, "generated": 0, "near_pass": 0, "simulated": 0}
[factory] EMPTY_CANDIDATE_BATCH: no new simulation request was claimed; the outer loop will record a recoverable failure and back off
[loop] cycle_1/simulate exit_code=1
[loop] cycle 1 simulate finished in 0.0h rc=1
[loop] cycle 1 done elapsed=2s sim_rc=1 submit_rounds=0
[loop] ===== cycle 2 =====
[loop] cycle_2/simulate mode=full log=pipeline_loop.log
[factory] {"baseline_pass": 0, "deferred_reason": "", "descriptions_validated": 0, "failed": 0, "far_fail": 0, "generated": 0, "near_pass": 0, "simulated": 0}
[factory] EMPTY_CANDIDATE_BATCH: no new simulation request was claimed; the outer loop will record a recoverable failure and back off
[loop] cycle_2/simulate exit_code=1
[loop] cycle 2 simulate finished in 0.0h rc=1
[loop] cycle 2 done elapsed=2s sim_rc=1 submit_rounds=0
[loop] ===== cycle 3 =====
[loop] cycle_3/simulate mode=full log=pipeline_loop.log
[factory] {"baseline_pass": 0, "deferred_reason": "", "descriptions_validated": 0, "failed": 0, "far_fail": 0, "generated": 0, "near_pass": 0, "simulated": 0}
[factory] EMPTY_CANDIDATE_BATCH: no new simulation request was claimed; the outer loop will record a recoverable failure and back off
ss": 0, "simulated": 0}
[factory] EMPTY_CANDIDATE_BATCH: no new simulation request was claimed; the outer loop will record a recoverable failure and back off

--- 2026-07-26T09:52:29Z cycle_7/simulate ---
[factory] {"baseline_pass": 0, "deferred_reason": "", "descriptions_validated": 0, "failed": 0, "far_fail": 0, "generated": 0, "near_pass": 0, "simulated": 0}
[factory] EMPTY_CANDIDATE_BATCH: no new simulation request was claimed; the outer loop will record a recoverable failure and back off

--- 2026-07-26T09:53:50Z cycle_3/simulate ---
[factory] {"baseline_pass": 0, "deferred_reason": "", "descriptions_validated": 0, "failed": 0, "far_fail": 0, "generated": 0, "near_pass": 0, "simulated": 0}
[factory] EMPTY_CANDIDATE_BATCH: no new simulation request was claimed; the outer loop will record a recoverable failure and back off

--- 2026-07-26T09:54:28Z cycle_1/simulate ---
[factory] {"baseline_pass": 0, "deferred_reason": "", "descriptions_validated": 0, "failed": 0, "far_fail": 0, "generated": 0, "near_pass": 0, "simulated": 0}
[factory] EMPTY_CANDIDATE_BATCH: no new simulation request was claimed; the outer loop will record a recoverable failure and back off

--- 2026-07-26T09:56:30Z cycle_2/simulate ---
[factory] {"baseline_pass": 0, "deferred_reason": "", "descriptions_validated": 0, "failed": 0, "far_fail": 0, "generated": 0, "near_pass": 0, "simulated": 0}
[factory] EMPTY_CANDIDATE_BATCH: no new simulation request was claimed; the outer loop will record a recoverable failure and back off

--- 2026-07-26T10:00:31Z cycle_3/simulate ---
[factory] {"baseline_pass": 0, "deferred_reason": "", "descriptions_validated": 0, "failed": 0, "far_fail": 0, "generated": 0, "near_pass": 0, "simulated": 0}
[factory] EMPTY_CANDIDATE_BATCH: no new simulation request was claimed; the outer loop will record a recoverable failure and back off

--- 2026-07-26T10:08:33Z cycle_4/simulate ---
[factory] {"baseline_pass": 0, "deferred_reason": "", "descriptions_validated": 0, "failed": 0, "far_fail": 0, "generated": 0, "near_pass": 0, "simulated": 0}
[factory] EMPTY_CANDIDATE_BATCH: no new simulation request was claimed; the outer loop will record a recoverable failure and back off

--- 2026-07-26T10:23:35Z cycle_5/simulate ---
[factory] {"baseline_pass": 0, "deferred_reason": "", "descriptions_validated": 0, "failed": 0, "far_fail": 0, "generated": 0, "near_pass": 0, "simulated": 0}
[factory] EMPTY_CANDIDATE_BATCH: no new simulation request was claimed; the outer loop will record a recoverable failure and back off

--- 2026-07-26T10:38:36Z cycle_6/simulate ---
[factory] {"baseline_pass": 0, "deferred_reason": "", "descriptions_validated": 0, "failed": 0, "far_fail": 0, "generated": 0, "near_pass": 0, "simulated": 0}
[factory] EMPTY_CANDIDATE_BATCH: no new simulation request was claimed; the outer loop will record a recoverable failure and back off

--- 2026-07-26T10:45:27Z cycle_1/simulate ---
[factory] {"baseline_pass": 0, "deferred_reason": "", "descriptions_validated": 0, "failed": 0, "far_fail": 0, "generated": 0, "near_pass": 0, "simulated": 0}
[factory] EMPTY_CANDIDATE_BATCH: no new simulation request was claimed; the outer loop will record a recoverable failure and back off

--- 2026-07-26T10:47:29Z cycle_2/simulate ---
[factory] {"baseline_pass": 0, "deferred_reason": "", "descriptions_validated": 0, "failed": 0, "far_fail": 0, "generated": 0, "near_pass": 0, "simulated": 0}
[factory] EMPTY_CANDIDATE_BATCH: no new simulation request was claimed; the outer loop will record a recoverable failure and back off

--- 2026-07-26T10:51:31Z cycle_3/simulate ---
[factory] {"baseline_pass": 0, "deferred_reason": "", "descriptions_validated": 0, "failed": 0, "far_fail": 0, "generated": 0, "near_pass": 0, "simulated": 0}
[factory] EMPTY_CANDIDATE_BATCH: no new simulation request was claimed; the outer loop will record a recoverable failure and back off

--- 2026-07-26T10:53:38Z cycle_7/simulate ---
[factory] {"baseline_pass": 0, "deferred_reason": "", "descriptions_validated": 0, "failed": 0, "far_fail": 0, "generated": 0, "near_pass": 0, "simulated": 0}
[factory] EMPTY_CANDIDATE_BATCH: no new simulation request was claimed; the outer loop will record a recoverable failure and back off

--- 2026-07-26T10:54:10Z cycle_1/simulate ---
[factory] {"baseline_pass": 0, "deferred_reason": "", "descriptions_validated": 0, "failed": 0, "far_fail": 0, "generated": 0, "near_pass": 0, "simulated": 0}
[factory] EMPTY_CANDIDATE_BATCH: no new simulation request was claimed; the outer loop will record a recoverable failure and back off

--- 2026-07-26T10:56:11Z cycle_2/simulate ---
[factory] {"baseline_pass": 0, "deferred_reason": "", "descriptions_validated": 0, "failed": 0, "far_fail": 0, "generated": 0, "near_pass": 0, "simulated": 0}
[factory] EMPTY_CANDIDATE_BATCH: no new simulation request was claimed; the outer loop will record a recoverable failure and back off

--- 2026-07-26T10:58:51Z cycle_1/simulate ---
[factory] {"baseline_pass": 0, "deferred_reason": "", "descriptions_validated": 0, "failed": 0, "far_fail": 0, "generated": 0, "near_pass": 0, "simulated": 0}
[factory] EMPTY_CANDIDATE_BATCH: no new simulation request was claimed; the outer loop will record a recoverable failure and back off

--- 2026-07-26T10:59:33Z cycle_4/simulate ---
[factory] {"baseline_pass": 0, "deferred_reason": "", "descriptions_validated": 0, "failed": 0, "far_fail": 0, "generated": 0, "near_pass": 0, "simulated": 0}
[factory] EMPTY_CANDIDATE_BATCH: no new simulation request was claimed; the outer loop will record a recoverable failure and back off

--- 2026-07-26T11:00:13Z cycle_3/simulate ---
[factory] {"baseline_pass": 0, "deferred_reason": "", "descriptions_validated": 0, "failed": 0, "far_fail": 0, "generated": 0, "near_pass": 0, "simulated": 0}
[factory] EMPTY_CANDIDATE_BATCH: no new simulation request was claimed; the outer loop will record a recoverable failure and back off

--- 2026-07-26T11:00:53Z cycle_2/simulate ---
[factory] {"baseline_pass": 0, "deferred_reason": "", "descriptions_validated": 0, "failed": 0, "far_fail": 0, "generated": 0, "near_pass": 0, "simulated": 0}
[factory] EMPTY_CANDIDATE_BATCH: no new simulation request was claimed; the outer loop will record a recoverable failure and back off

--- 2026-07-26T11:04:54Z cycle_3/simulate ---
[factory] {"baseline_pass": 0, "deferred_reason": "", "descriptions_validated": 0, "failed": 0, "far_fail": 0, "generated": 0, "near_pass": 0, "simulated": 0}
[factory] EMPTY_CANDIDATE_BATCH: no new simulation request was claimed; the outer loop will record a recoverable failure and back off

--- 2026-07-26T11:08:15Z cycle_4/simulate ---
[factory] {"baseline_pass": 0, "deferred_reason": "", "descriptions_validated": 0, "failed": 0, "far_fail": 0, "generated": 0, "near_pass": 0, "simulated": 0}
[factory] EMPTY_CANDIDATE_BATCH: no new simulation request was claimed; the outer loop will record a recoverable failure and back off

--- 2026-07-26T11:08:40Z cycle_8/simulate ---
[factory] {"baseline_pass": 0, "deferred_reason": "", "descriptions_validated": 0, "failed": 0, "far_fail": 0, "generated": 0, "near_pass": 0, "simulated": 0}
[factory] EMPTY_CANDIDATE_BATCH: no new simulation request was claimed; the outer loop will record a recoverable failure and back off

--- 2026-07-26T11:12:56Z cycle_4/simulate ---
[factory] {"baseline_pass": 0, "deferred_reason": "", "descriptions_validated": 0, "failed": 0, "far_fail": 0, "generated": 0, "near_pass": 0, "simulated": 0}
[factory] EMPTY_CANDIDATE_BATCH: no new simulation request was claimed; the outer loop will record a recoverable failure and back off

--- 2026-07-26T11:14:35Z cycle_5/simulate ---
[factory] {"baseline_pass": 0, "deferred_reason": "", "descriptions_validated": 0, "failed": 0, "far_fail": 0, "generated": 0, "near_pass": 0, "simulated": 0}
[factory] EMPTY_CANDIDATE_BATCH: no new simulation request was claimed; the outer loop will record a recoverable failure and back off

--- 2026-07-26T11:23:17Z cycle_5/simulate ---
[factory] {"baseline_pass": 0, "deferred_reason": "", "descriptions_validated": 0, "failed": 0, "far_fail": 0, "generated": 0, "near_pass": 0, "simulated": 0}
[factory] EMPTY_CANDIDATE_BATCH: no new simulation request was claimed; the outer loop will record a recoverable failure and back off

--- 2026-07-26T11:23:42Z cycle_9/simulate ---
[factory] {"baseline_pass": 0, "deferred_reason": "", "descriptions_validated": 0, "failed": 0, "far_fail": 0, "generated": 0, "near_pass": 0, "simulated": 0}
[factory] EMPTY_CANDIDATE_BATCH: no new simulation request was claimed; the outer loop will record a recoverable failure and back off

--- 2026-07-26T11:27:58Z cycle_5/simulate ---
[factory] {"baseline_pass": 0, "deferred_reason": "", "descriptions_validated": 0, "failed": 0, "far_fail": 0, "generated": 0, "near_pass": 0, "simulated": 0}
[factory] EMPTY_CANDIDATE_BATCH: no new simulation request was claimed; the outer loop will record a recoverable failure and back off

--- 2026-07-26T11:29:37Z cycle_6/simulate ---
[factory] {"baseline_pass": 0, "deferred_reason": "", "descriptions_validated": 0, "failed": 0, "far_fail": 0, "generated": 0, "near_pass": 0, "simulated": 0}
[factory] EMPTY_CANDIDATE_BATCH: no new simulation request was claimed; the outer loop will record a recoverable failure and back off

--- 2026-07-26T11:30:24Z cycle_1/simulate ---
[factory] {"baseline_pass": 0, "deferred_reason": "", "descriptions_validated": 0, "failed": 0, "far_fail": 0, "generated": 0, "near_pass": 0, "simulated": 0}
[factory] EMPTY_CANDIDATE_BATCH: no new simulation request was claimed; the outer loop will record a recoverable failure and back off

--- 2026-07-26T11:32:26Z cycle_2/simulate ---
[factory] {"baseline_pass": 0, "deferred_reason": "", "descriptions_validated": 0, "failed": 0, "far_fail": 0, "generated": 0, "near_pass": 0, "simulated": 0}
[factory] EMPTY_CANDIDATE_BATCH: no new simulation request was claimed; the outer loop will record a recoverable failure and back off

--- 2026-07-26T11:36:28Z cycle_3/simulate ---
[factory] {"baseline_pass": 0, "deferred_reason": "", "descriptions_validated": 0, "failed": 0, "far_fail": 0, "generated": 0, "near_pass": 0, "simulated": 0}
[factory] EMPTY_CANDIDATE_BATCH: no new simulation request was claimed; the outer loop will record a recoverable failure and back off

--- 2026-07-26T11:38:19Z cycle_6/simulate ---
[factory] {"baseline_pass": 0, "deferred_reason": "", "descriptions_validated": 0, "failed": 0, "far_fail": 0, "generated": 0, "near_pass": 0, "simulated": 0}
[factory] EMPTY_CANDIDATE_BATCH: no new simulation request was claimed; the outer loop will record a recoverable failure and back off

--- 2026-07-26T11:38:44Z cycle_10/simulate ---
[factory] {"baseline_pass": 0, "deferred_reason": "", "descriptions_validated": 0, "failed": 0, "far_fail": 0, "generated": 0, "near_pass": 0, "simulated": 0}
[factory] EMPTY_CANDIDATE_BATCH: no new simulation request was claimed; the outer loop will record a recoverable failure and back off

--- 2026-07-26T11:43:00Z cycle_6/simulate ---
[factory] {"baseline_pass": 0, "deferred_reason": "", "descriptions_validated": 0, "failed": 0, "far_fail": 0, "generated": 0, "near_pass": 0, "simulated": 0}
[factory] EMPTY_CANDIDATE_BATCH: no new simulation request was claimed; the outer loop will record a recoverable failure and back off

--- 2026-07-26T11:44:29Z cycle_4/simulate ---
[factory] {"baseline_pass": 0, "deferred_reason": "", "descriptions_validated": 0, "failed": 0, "far_fail": 0, "generated": 0, "near_pass": 0, "simulated": 0}
[factory] EMPTY_CANDIDATE_BATCH: no new simulation request was claimed; the outer loop will record a recoverable failure and back off

--- 2026-07-26T11:44:38Z cycle_7/simulate ---
[factory] {"baseline_pass": 0, "deferred_reason": "", "descriptions_validated": 0, "failed": 0, "far_fail": 0, "generated": 0, "near_pass": 0, "simulated": 0}
[factory] EMPTY_CANDIDATE_BATCH: no new simulation request was claimed; the outer loop will record a recoverable failure and back off

--- 2026-07-26T11:53:21Z cycle_7/simulate ---

--- 2026-07-26T11:53:46Z cycle_11/simulate ---

--- 2026-07-26T11:58:02Z cycle_7/simulate ---

--- 2026-07-26T11:59:31Z cycle_5/simulate ---

--- 2026-07-26T11:59:40Z cycle_8/simulate ---
[factory] {"baseline_pass": 0, "deferred_reason": "", "descriptions_validated": 0, "failed": 12, "far_fail": 0, "generated": 12, "near_pass": 0, "simulated": 0}
[factory] {"baseline_pass": 0, "deferred_reason": "", "descriptions_validated": 0, "failed": 14, "far_fail": 0, "generated": 14, "near_pass": 0, "simulated": 0}
[factory] {"baseline_pass": 0, "deferred_reason": "", "descriptions_validated": 0, "failed": 14, "far_fail": 0, "generated": 14, "near_pass": 0, "simulated": 0}
[factory] {"baseline_pass": 0, "deferred_reason": "", "descriptions_validated": 0, "failed": 14, "far_fail": 0, "generated": 14, "near_pass": 0, "simulated": 0}

--- 2026-07-26T12:16:16Z cycle_8/simulate ---

--- 2026-07-26T12:20:22Z cycle_8/simulate ---

--- 2026-07-26T12:21:49Z cycle_9/simulate ---
[factory] {"baseline_pass": 0, "deferred_reason": "", "descriptions_validated": 0, "failed": 14, "far_fail": 0, "generated": 14, "near_pass": 0, "simulated": 0}
[factory] {"baseline_pass": 0, "deferred_reason": "", "descriptions_validated": 0, "failed": 14, "far_fail": 0, "generated": 14, "near_pass": 0, "simulated": 0}
[factory] {"baseline_pass": 0, "deferred_reason": "", "descriptions_validated": 0, "failed": 14, "far_fail": 0, "generated": 14, "near_pass": 0, "simulated": 0}

--- 2026-07-26T12:38:30Z cycle_9/simulate ---

--- 2026-07-26T12:42:40Z cycle_9/simulate ---

--- 2026-07-26T12:44:01Z cycle_10/simulate ---
[factory] {"baseline_pass": 0, "deferred_reason": "", "descriptions_validated": 0, "failed": 13, "far_fail": 0, "generated": 13, "near_pass": 0, "simulated": 0}
[factory] {"baseline_pass": 0, "deferred_reason": "", "descriptions_validated": 0, "failed": 14, "far_fail": 0, "generated": 14, "near_pass": 0, "simulated": 0}
[factory] {"baseline_pass": 0, "deferred_reason": "", "descriptions_validated": 0, "failed": 14, "far_fail": 0, "generated": 14, "near_pass": 0, "simulated": 0}

--- 2026-07-26T13:00:15Z cycle_10/simulate ---

--- 2026-07-26T13:04:57Z cycle_10/simulate ---

--- 2026-07-26T13:06:16Z cycle_11/simulate ---
[factory] {"baseline_pass": 0, "deferred_reason": "", "descriptions_validated": 0, "failed": 14, "far_fail": 0, "generated": 14, "near_pass": 0, "simulated": 0}
[factory] {"baseline_pass": 0, "deferred_reason": "", "descriptions_validated": 0, "failed": 14, "far_fail": 0, "generated": 14, "near_pass": 0, "simulated": 0}
[factory] {"baseline_pass": 0, "deferred_reason": "", "descriptions_validated": 0, "failed": 14, "far_fail": 0, "generated": 14, "near_pass": 0, "simulated": 0}

--- 2026-07-26T13:22:33Z cycle_11/simulate ---

--- 2026-07-26T13:27:17Z cycle_11/simulate ---

--- 2026-07-26T13:28:02Z cycle_12/simulate ---
[factory] {"baseline_pass": 0, "deferred_reason": "", "descriptions_validated": 0, "failed": 13, "far_fail": 0, "generated": 13, "near_pass": 0, "simulated": 0}
[factory] {"baseline_pass": 0, "deferred_reason": "", "descriptions_validated": 0, "failed": 14, "far_fail": 0, "generated": 14, "near_pass": 0, "simulated": 0}
[factory] {"baseline_pass": 0, "deferred_reason": "", "descriptions_validated": 0, "failed": 14, "far_fail": 0, "generated": 14, "near_pass": 0, "simulated": 0}

--- 2026-07-26T13:44:20Z cycle_12/simulate ---

--- 2026-07-26T13:49:34Z cycle_12/simulate ---

--- 2026-07-26T13:50:15Z cycle_13/simulate ---
[factory] {"baseline_pass": 0, "deferred_reason": "", "descriptions_validated": 0, "failed": 14, "far_fail": 0, "generated": 14, "near_pass": 0, "simulated": 0}
[factory] {"baseline_pass": 0, "deferred_reason": "", "descriptions_validated": 0, "failed": 14, "far_fail": 0, "generated": 14, "near_pass": 0, "simulated": 0}
[factory] {"baseline_pass": 0, "deferred_reason": "", "descriptions_validated": 0, "failed": 14, "far_fail": 0, "generated": 14, "near_pass": 0, "simulated": 0}

--- 2026-07-26T14:06:38Z cycle_13/simulate ---

--- 2026-07-26T14:11:56Z cycle_13/simulate ---

--- 2026-07-26T14:12:30Z cycle_14/simulate ---
[factory] {"baseline_pass": 0, "deferred_reason": "", "descriptions_validated": 0, "failed": 14, "far_fail": 0, "generated": 14, "near_pass": 0, "simulated": 0}
[factory] {"baseline_pass": 0, "deferred_reason": "", "descriptions_validated": 0, "failed": 14, "far_fail": 0, "generated": 14, "near_pass": 0, "simulated": 0}
[factory] {"baseline_pass": 0, "deferred_reason": "", "descriptions_validated": 0, "failed": 14, "far_fail": 0, "generated": 14, "near_pass": 0, "simulated": 0}

--- 2026-07-26T14:28:55Z cycle_14/simulate ---

--- 2026-07-26T14:34:09Z cycle_14/simulate ---

--- 2026-07-26T14:34:45Z cycle_15/simulate ---
[factory] {"baseline_pass": 0, "deferred_reason": "", "descriptions_validated": 0, "failed": 14, "far_fail": 0, "generated": 14, "near_pass": 0, "simulated": 0}
[factory] {"baseline_pass": 0, "deferred_reason": "", "descriptions_validated": 0, "failed": 11, "far_fail": 0, "generated": 11, "near_pass": 0, "simulated": 0}
[factory] {"baseline_pass": 0, "deferred_reason": "", "descriptions_validated": 0, "failed": 14, "far_fail": 0, "generated": 14, "near_pass": 0, "simulated": 0}

--- 2026-07-26T14:51:12Z cycle_15/simulate ---
[factory] {"baseline_pass": 0, "deferred_reason": "", "descriptions_validated": 0, "failed": 0, "far_fail": 0, "generated": 0, "near_pass": 0, "simulated": 0}
[factory] EMPTY_CANDIDATE_BATCH: no new simulation request was claimed; the outer loop will record a recoverable failure and back off

--- 2026-07-26T14:55:24Z cycle_16/simulate ---
[factory] {"baseline_pass": 0, "deferred_reason": "", "descriptions_validated": 0, "failed": 0, "far_fail": 0, "generated": 0, "near_pass": 0, "simulated": 0}
[factory] EMPTY_CANDIDATE_BATCH: no new simulation request was claimed; the outer loop will record a recoverable failure and back off

--- 2026-07-26T14:56:25Z cycle_15/simulate ---
[factory] {"baseline_pass": 0, "deferred_reason": "", "descriptions_validated": 0, "failed": 0, "far_fail": 0, "generated": 0, "near_pass": 0, "simulated": 0}
[factory] EMPTY_CANDIDATE_BATCH: no new simulation request was claimed; the outer loop will record a recoverable failure and back off

--- 2026-07-26T15:06:14Z cycle_16/simulate ---
[factory] {"baseline_pass": 0, "deferred_reason": "", "descriptions_validated": 0, "failed": 0, "far_fail": 0, "generated": 0, "near_pass": 0, "simulated": 0}
[factory] EMPTY_CANDIDATE_BATCH: no new simulation request was claimed; the outer loop will record a recoverable failure and back off

--- 2026-07-26T15:10:26Z cycle_17/simulate ---
[factory] {"baseline_pass": 0, "deferred_reason": "", "descriptions_validated": 0, "failed": 0, "far_fail": 0, "generated": 0, "near_pass": 0, "simulated": 0}
[factory] EMPTY_CANDIDATE_BATCH: no new simulation request was claimed; the outer loop will record a recoverable failure and back off

--- 2026-07-26T15:11:27Z cycle_16/simulate ---
[factory] {"baseline_pass": 0, "deferred_reason": "", "descriptions_validated": 0, "failed": 0, "far_fail": 0, "generated": 0, "near_pass": 0, "simulated": 0}
[factory] EMPTY_CANDIDATE_BATCH: no new simulation request was claimed; the outer loop will record a recoverable failure and back off

--- 2026-07-26T15:21:16Z cycle_17/simulate ---
[factory] {"baseline_pass": 0, "deferred_reason": "", "descriptions_validated": 0, "failed": 0, "far_fail": 0, "generated": 0, "near_pass": 0, "simulated": 0}
[factory] EMPTY_CANDIDATE_BATCH: no new simulation request was claimed; the outer loop will record a recoverable failure and back off

--- 2026-07-26T15:25:28Z cycle_18/simulate ---
[factory] {"baseline_pass": 0, "deferred_reason": "", "descriptions_validated": 0, "failed": 0, "far_fail": 0, "generated": 0, "near_pass": 0, "simulated": 0}
[factory] EMPTY_CANDIDATE_BATCH: no new simulation request was claimed; the outer loop will record a recoverable failure and back off

--- 2026-07-26T15:26:28Z cycle_17/simulate ---
[factory] {"baseline_pass": 0, "deferred_reason": "", "descriptions_validated": 0, "failed": 0, "far_fail": 0, "generated": 0, "near_pass": 0, "simulated": 0}
[factory] EMPTY_CANDIDATE_BATCH: no new simulation request was claimed; the outer loop will record a recoverable failure and back off

--- 2026-07-26T15:36:18Z cycle_18/simulate ---
[factory] {"baseline_pass": 0, "deferred_reason": "", "descriptions_validated": 0, "failed": 0, "far_fail": 0, "generated": 0, "near_pass": 0, "simulated": 0}
[factory] EMPTY_CANDIDATE_BATCH: no new simulation request was claimed; the outer loop will record a recoverable failure and back off

--- 2026-07-26T15:40:29Z cycle_19/simulate ---
[factory] {"baseline_pass": 0, "deferred_reason": "", "descriptions_validated": 0, "failed": 0, "far_fail": 0, "generated": 0, "near_pass": 0, "simulated": 0}
[factory] EMPTY_CANDIDATE_BATCH: no new simulation request was claimed; the outer loop will record a recoverable failure and back off

--- 2026-07-26T15:41:30Z cycle_18/simulate ---
[factory] {"baseline_pass": 0, "deferred_reason": "", "descriptions_validated": 0, "failed": 0, "far_fail": 0, "generated": 0, "near_pass": 0, "simulated": 0}
[factory] EMPTY_CANDIDATE_BATCH: no new simulation request was claimed; the outer loop will record a recoverable failure and back off

--- 2026-07-26T15:51:19Z cycle_19/simulate ---
[factory] {"baseline_pass": 0, "deferred_reason": "", "descriptions_validated": 0, "failed": 0, "far_fail": 0, "generated": 0, "near_pass": 0, "simulated": 0}
[factory] EMPTY_CANDIDATE_BATCH: no new simulation request was claimed; the outer loop will record a recoverable failure and back off

--- 2026-07-26T15:55:31Z cycle_20/simulate ---
[factory] {"baseline_pass": 0, "deferred_reason": "", "descriptions_validated": 0, "failed": 0, "far_fail": 0, "generated": 0, "near_pass": 0, "simulated": 0}
[factory] EMPTY_CANDIDATE_BATCH: no new simulation request was claimed; the outer loop will record a recoverable failure and back off

--- 2026-07-26T15:56:32Z cycle_19/simulate ---
[factory] {"baseline_pass": 0, "deferred_reason": "", "descriptions_validated": 0, "failed": 0, "far_fail": 0, "generated": 0, "near_pass": 0, "simulated": 0}
[factory] EMPTY_CANDIDATE_BATCH: no new simulation request was claimed; the outer loop will record a recoverable failure and back off

--- 2026-07-26T16:06:21Z cycle_20/simulate ---
[factory] {"baseline_pass": 0, "deferred_reason": "", "descriptions_validated": 0, "failed": 0, "far_fail": 0, "generated": 0, "near_pass": 0, "simulated": 0}
[factory] EMPTY_CANDIDATE_BATCH: no new simulation request was claimed; the outer loop will record a recoverable failure and back off

--- 2026-07-26T16:10:33Z cycle_21/simulate ---
[factory] {"baseline_pass": 0, "deferred_reason": "", "descriptions_validated": 0, "failed": 0, "far_fail": 0, "generated": 0, "near_pass": 0, "simulated": 0}
[factory] EMPTY_CANDIDATE_BATCH: no new simulation request was claimed; the outer loop will record a recoverable failure and back off

--- 2026-07-26T16:11:34Z cycle_20/simulate ---
[factory] {"baseline_pass": 0, "deferred_reason": "", "descriptions_validated": 0, "failed": 0, "far_fail": 0, "generated": 0, "near_pass": 0, "simulated": 0}
[factory] EMPTY_CANDIDATE_BATCH: no new simulation request was claimed; the outer loop will record a recoverable failure and back off

--- 2026-07-27T04:07:51Z cycle_1/simulate ---
[factory] {"baseline_pass": 0, "deferred_reason": "", "descriptions_validated": 0, "failed": 0, "far_fail": 0, "generated": 0, "near_pass": 0, "simulated": 0}
[factory] EMPTY_CANDIDATE_BATCH: no new simulation request was claimed; the outer loop will record a recoverable failure and back off

--- 2026-07-27T04:09:53Z cycle_2/simulate ---
[factory] {"baseline_pass": 0, "deferred_reason": "", "descriptions_validated": 0, "failed": 0, "far_fail": 0, "generated": 0, "near_pass": 0, "simulated": 0}
[factory] EMPTY_CANDIDATE_BATCH: no new simulation request was claimed; the outer loop will record a recoverable failure and back off

--- 2026-07-27T04:13:55Z cycle_3/simulate ---
[factory] {"baseline_pass": 0, "deferred_reason": "", "descriptions_validated": 0, "failed": 0, "far_fail": 0, "generated": 0, "near_pass": 0, "simulated": 0}
[factory] EMPTY_CANDIDATE_BATCH: no new simulation request was claimed; the outer loop will record a recoverable failure and back off

--- 2026-07-27T04:21:57Z cycle_4/simulate ---
[factory] {"baseline_pass": 0, "deferred_reason": "", "descriptions_validated": 0, "failed": 0, "far_fail": 0, "generated": 0, "near_pass": 0, "simulated": 0}
[factory] EMPTY_CANDIDATE_BATCH: no new simulation request was claimed; the outer loop will record a recoverable failure and back off

--- 2026-07-27T04:36:59Z cycle_5/simulate ---
[factory] {"baseline_pass": 0, "deferred_reason": "", "descriptions_validated": 0, "failed": 0, "far_fail": 0, "generated": 0, "near_pass": 0, "simulated": 0}
[factory] EMPTY_CANDIDATE_BATCH: no new simulation request was claimed; the outer loop will record a recoverable failure and back off

--- 2026-07-27T04:41:30Z cycle_1/simulate ---
[factory] {"baseline_pass": 0, "deferred_reason": "", "descriptions_validated": 0, "failed": 0, "far_fail": 0, "generated": 0, "near_pass": 0, "simulated": 0}
[factory] EMPTY_CANDIDATE_BATCH: no new simulation request was claimed; the outer loop will record a recoverable failure and back off

--- 2026-07-27T04:43:32Z cycle_2/simulate ---
[factory] {"baseline_pass": 0, "deferred_reason": "", "descriptions_validated": 0, "failed": 0, "far_fail": 0, "generated": 0, "near_pass": 0, "simulated": 0}
[factory] EMPTY_CANDIDATE_BATCH: no new simulation request was claimed; the outer loop will record a recoverable failure and back off

--- 2026-07-27T04:47:34Z cycle_3/simulate ---
[factory] {"baseline_pass": 0, "deferred_reason": "", "descriptions_validated": 0, "failed": 0, "far_fail": 0, "generated": 0, "near_pass": 0, "simulated": 0}
[factory] EMPTY_CANDIDATE_BATCH: no new simulation request was claimed; the outer loop will record a recoverable failure and back off

--- 2026-07-27T04:55:36Z cycle_4/simulate ---
[factory] {"baseline_pass": 0, "deferred_reason": "", "descriptions_validated": 0, "failed": 0, "far_fail": 0, "generated": 0, "near_pass": 0, "simulated": 0}
[factory] EMPTY_CANDIDATE_BATCH: no new simulation request was claimed; the outer loop will record a recoverable failure and back off

--- 2026-07-27T05:10:38Z cycle_5/simulate ---

--- 2026-07-27T05:15:03Z cycle_1/simulate ---
[factory] {"baseline_pass": 0, "deferred_reason": "", "descriptions_validated": 0, "failed": 14, "far_fail": 0, "generated": 14, "near_pass": 0, "simulated": 0}

--- 2026-07-27T05:25:24Z cycle_2/simulate ---
[factory] {"baseline_pass": 0, "deferred_reason": "", "descriptions_validated": 0, "failed": 14, "far_fail": 0, "generated": 14, "near_pass": 0, "simulated": 0}

--- 2026-07-27T05:36:39Z cycle_3/simulate ---
[factory] {"baseline_pass": 0, "deferred_reason": "", "descriptions_validated": 0, "failed": 14, "far_fail": 0, "generated": 14, "near_pass": 0, "simulated": 0}

--- 2026-07-27T05:51:52Z cycle_4/simulate ---
[factory] {"baseline_pass": 0, "deferred_reason": "", "descriptions_validated": 0, "failed": 14, "far_fail": 0, "generated": 14, "near_pass": 0, "simulated": 0}

--- 2026-07-27T06:14:10Z cycle_5/simulate ---
[factory] {"baseline_pass": 0, "deferred_reason": "", "descriptions_validated": 0, "failed": 14, "far_fail": 0, "generated": 14, "near_pass": 0, "simulated": 0}

--- 2026-07-27T06:35:23Z cycle_6/simulate ---
[factory] {"baseline_pass": 0, "deferred_reason": "", "descriptions_validated": 0, "failed": 14, "far_fail": 0, "generated": 14, "near_pass": 0, "simulated": 0}

--- 2026-07-27T06:57:40Z cycle_7/simulate ---
[factory] {"baseline_pass": 0, "deferred_reason": "", "descriptions_validated": 0, "failed": 14, "far_fail": 0, "generated": 14, "near_pass": 0, "simulated": 0}

--- 2026-07-27T07:19:55Z cycle_8/simulate ---
[factory] {"baseline_pass": 0, "deferred_reason": "", "descriptions_validated": 0, "failed": 14, "far_fail": 0, "generated": 14, "near_pass": 0, "simulated": 0}

--- 2026-07-27T07:42:09Z cycle_9/simulate ---
[factory] {"baseline_pass": 0, "deferred_reason": "data-field cache is stale", "descriptions_validated": 0, "failed": 0, "far_fail": 0, "generated": 0, "near_pass": 0, "simulated": 0}
[factory] CATALOG_UNAVAILABLE: data-field cache is stale
[factory] generation deferred; the outer loop will persist the reason and use catalog backoff

--- 2026-07-27T08:42:09Z cycle_10/simulate ---
[factory] {"baseline_pass": 0, "deferred_reason": "data-field cache is stale", "descriptions_validated": 0, "failed": 0, "far_fail": 0, "generated": 0, "near_pass": 0, "simulated": 0}
[factory] CATALOG_UNAVAILABLE: data-field cache is stale
[factory] generation deferred; the outer loop will persist the reason and use catalog backoff

--- 2026-07-27T09:42:10Z cycle_11/simulate ---
[factory] {"baseline_pass": 0, "deferred_reason": "data-field cache is stale", "descriptions_validated": 0, "failed": 0, "far_fail": 0, "generated": 0, "near_pass": 0, "simulated": 0}
[factory] CATALOG_UNAVAILABLE: data-field cache is stale
[factory] generation deferred; the outer loop will persist the reason and use catalog backoff

--- 2026-07-27T10:42:10Z cycle_12/simulate ---
[factory] {"baseline_pass": 0, "deferred_reason": "data-field cache is stale", "descriptions_validated": 0, "failed": 0, "far_fail": 0, "generated": 0, "near_pass": 0, "simulated": 0}
[factory] CATALOG_UNAVAILABLE: data-field cache is stale
[factory] generation deferred; the outer loop will persist the reason and use catalog backoff

--- 2026-07-27T11:42:11Z cycle_13/simulate ---
[factory] {"baseline_pass": 0, "deferred_reason": "data-field cache is stale", "descriptions_validated": 0, "failed": 0, "far_fail": 0, "generated": 0, "near_pass": 0, "simulated": 0}
[factory] CATALOG_UNAVAILABLE: data-field cache is stale
[factory] generation deferred; the outer loop will persist the reason and use catalog backoff

--- 2026-07-27T12:42:11Z cycle_14/simulate ---
[factory] {"baseline_pass": 0, "deferred_reason": "data-field cache is stale", "descriptions_validated": 0, "failed": 0, "far_fail": 0, "generated": 0, "near_pass": 0, "simulated": 0}
[factory] CATALOG_UNAVAILABLE: data-field cache is stale
[factory] generation deferred; the outer loop will persist the reason and use catalog backoff

--- 2026-07-27T13:42:12Z cycle_15/simulate ---
[factory] {"baseline_pass": 0, "deferred_reason": "data-field cache is stale", "descriptions_validated": 0, "failed": 0, "far_fail": 0, "generated": 0, "near_pass": 0, "simulated": 0}
[factory] CATALOG_UNAVAILABLE: data-field cache is stale
[factory] generation deferred; the outer loop will persist the reason and use catalog backoff

--- 2026-07-27T14:42:12Z cycle_16/simulate ---
[factory] {"baseline_pass": 0, "deferred_reason": "data-field cache is stale", "descriptions_validated": 0, "failed": 0, "far_fail": 0, "generated": 0, "near_pass": 0, "simulated": 0}
[factory] CATALOG_UNAVAILABLE: data-field cache is stale
[factory] generation deferred; the outer loop will persist the reason and use catalog backoff

--- 2026-07-28T00:01:29Z cycle_1/simulate ---
[factory] {"baseline_pass": 0, "deferred_reason": "data-field cache is stale", "descriptions_validated": 0, "failed": 0, "far_fail": 0, "generated": 0, "near_pass": 0, "simulated": 0}
[factory] CATALOG_UNAVAILABLE: data-field cache is stale
[factory] generation deferred; the outer loop will persist the reason and use catalog backoff

--- 2026-07-28T00:03:08Z cycle_1/simulate ---
[factory] {"baseline_pass": 0, "deferred_reason": "data-field cache is stale", "descriptions_validated": 0, "failed": 0, "far_fail": 0, "generated": 0, "near_pass": 0, "simulated": 0}
[factory] CATALOG_UNAVAILABLE: data-field cache is stale
[factory] generation deferred; the outer loop will persist the reason and use catalog backoff

--- 2026-07-28T00:18:09Z cycle_2/simulate ---
[factory] {"baseline_pass": 0, "deferred_reason": "data-field cache is stale", "descriptions_validated": 0, "failed": 0, "far_fail": 0, "generated": 0, "near_pass": 0, "simulated": 0}
[factory] CATALOG_UNAVAILABLE: data-field cache is stale
[factory] generation deferred; the outer loop will persist the reason and use catalog backoff

--- 2026-07-28T00:48:09Z cycle_3/simulate ---
[factory] {"baseline_pass": 0, "deferred_reason": "data-field cache is stale", "descriptions_validated": 0, "failed": 0, "far_fail": 0, "generated": 0, "near_pass": 0, "simulated": 0}
[factory] CATALOG_UNAVAILABLE: data-field cache is stale
[factory] generation deferred; the outer loop will persist the reason and use catalog backoff

--- 2026-07-28T01:48:10Z cycle_4/simulate ---
[factory] {"baseline_pass": 0, "deferred_reason": "data-field cache is stale", "descriptions_validated": 0, "failed": 0, "far_fail": 0, "generated": 0, "near_pass": 0, "simulated": 0}
[factory] CATALOG_UNAVAILABLE: data-field cache is stale
[factory] generation deferred; the outer loop will persist the reason and use catalog backoff

--- 2026-07-28T02:48:10Z cycle_5/simulate ---
[factory] {"baseline_pass": 0, "deferred_reason": "data-field cache is stale", "descriptions_validated": 0, "failed": 0, "far_fail": 0, "generated": 0, "near_pass": 0, "simulated": 0}
[factory] CATALOG_UNAVAILABLE: data-field cache is stale
[factory] generation deferred; the outer loop will persist the reason and use catalog backoff

--- 2026-07-28T03:48:11Z cycle_6/simulate ---
[factory] {"baseline_pass": 0, "deferred_reason": "data-field cache is stale", "descriptions_validated": 0, "failed": 0, "far_fail": 0, "generated": 0, "near_pass": 0, "simulated": 0}
[factory] CATALOG_UNAVAILABLE: data-field cache is stale
[factory] generation deferred; the outer loop will persist the reason and use catalog backoff

--- 2026-07-28T04:48:11Z cycle_7/simulate ---
[factory] platform cycle failed: NameError: name '_consume_pending_simulations' is not defined
Traceback (most recent call last):
  File "C:\Users\Windows11\Desktop\alpha\alpha_mining\factory\runtime.py", line 121, in main
    _consume_pending_simulations(args.database, gateway)
    ^^^^^^^^^^^^^^^^^^^^^^^^^^^^
NameError: name '_consume_pending_simulations' is not defined

--- 2026-07-28T05:03:11Z cycle_8/simulate ---
[factory] {"baseline_pass": 0, "deferred_reason": "data-field cache is stale", "descriptions_validated": 0, "failed": 0, "far_fail": 0, "generated": 0, "near_pass": 0, "simulated": 0}
[factory] CATALOG_UNAVAILABLE: data-field cache is stale
[factory] generation deferred; the outer loop will persist the reason and use catalog backoff

--- 2026-07-28T06:03:12Z cycle_9/simulate ---
[factory] consuming 6 pending simulation_requests
[factory] 6d4b9f20 ERROR: authentication request failed: rate-limit interval expired; only one explicit read probe is allowed
[factory] b6076629 ERROR: authentication request failed: rate-limit interval expired; only one explicit read probe is allowed
[factory] 30207614 ERROR: authentication request failed: rate-limit interval expired; only one explicit read probe is allowed
[factory] fc2d8610 ERROR: authentication request failed: rate-limit interval expired; only one explicit read probe is allowed
[factory] 02ab559e ERROR: authentication request failed: rate-limit interval expired; only one explicit read probe is allowed
[factory] a690dd8f ERROR: authentication request failed: rate-limit interval expired; only one explicit read probe is allowed
[factory] {"baseline_pass": 0, "deferred_reason": "data-field cache is stale", "descriptions_validated": 0, "failed": 0, "far_fail": 0, "generated": 0, "near_pass": 0, "simulated": 0}
[factory] CATALOG_UNAVAILABLE: data-field cache is stale
[factory] generation deferred; the outer loop will persist the reason and use catalog backoff

--- 2026-07-28T07:06:31Z cycle_10/simulate ---
[factory] {"baseline_pass": 0, "deferred_reason": "data-field cache is stale", "descriptions_validated": 0, "failed": 0, "far_fail": 0, "generated": 0, "near_pass": 0, "simulated": 0}
[factory] CATALOG_UNAVAILABLE: data-field cache is stale
[factory] generation deferred; the outer loop will persist the reason and use catalog backoff

--- 2026-07-28T08:06:32Z cycle_11/simulate ---
[factory] {"baseline_pass": 0, "deferred_reason": "data-field cache is stale", "descriptions_validated": 0, "failed": 0, "far_fail": 0, "generated": 0, "near_pass": 0, "simulated": 0}
[factory] CATALOG_UNAVAILABLE: data-field cache is stale
[factory] generation deferred; the outer loop will persist the reason and use catalog backoff

--- 2026-07-28T09:06:32Z cycle_12/simulate ---
[factory] {"baseline_pass": 0, "deferred_reason": "data-field cache is stale", "descriptions_validated": 0, "failed": 0, "far_fail": 0, "generated": 0, "near_pass": 0, "simulated": 0}
[factory] CATALOG_UNAVAILABLE: data-field cache is stale
[factory] generation deferred; the outer loop will persist the reason and use catalog backoff

--- 2026-07-28T10:06:33Z cycle_13/simulate ---
[factory] {"baseline_pass": 0, "deferred_reason": "data-field cache is stale", "descriptions_validated": 0, "failed": 0, "far_fail": 0, "generated": 0, "near_pass": 0, "simulated": 0}
[factory] CATALOG_UNAVAILABLE: data-field cache is stale
[factory] generation deferred; the outer loop will persist the reason and use catalog backoff

--- 2026-07-28T11:06:34Z cycle_14/simulate ---
[factory] {"baseline_pass": 0, "deferred_reason": "data-field cache is stale", "descriptions_validated": 0, "failed": 0, "far_fail": 0, "generated": 0, "near_pass": 0, "simulated": 0}
[factory] CATALOG_UNAVAILABLE: data-field cache is stale
[factory] generation deferred; the outer loop will persist the reason and use catalog backoff

--- 2026-07-28T12:06:34Z cycle_15/simulate ---
[factory] consuming 6 pending simulation_requests
[factory] 6d4b9f20 ERROR: authentication endpoint returned HTTP 401
[factory] b6076629 ERROR: authentication endpoint returned HTTP 401
[factory] 30207614 ERROR: authentication endpoint returned HTTP 401
[factory] fc2d8610 ERROR: authentication endpoint returned HTTP 401
[factory] 02ab559e ERROR: authentication endpoint returned HTTP 401
[factory] a690dd8f ERROR: authentication endpoint returned HTTP 401
[factory] {"baseline_pass": 0, "deferred_reason": "data-field cache is stale", "descriptions_validated": 0, "failed": 0, "far_fail": 0, "generated": 0, "near_pass": 0, "simulated": 0}
[factory] CATALOG_UNAVAILABLE: data-field cache is stale
[factory] generation deferred; the outer loop will persist the reason and use catalog backoff

--- 2026-07-28T13:06:58Z cycle_16/simulate ---
[factory] {"baseline_pass": 0, "deferred_reason": "data-field cache is stale", "descriptions_validated": 0, "failed": 0, "far_fail": 0, "generated": 0, "near_pass": 0, "simulated": 0}
[factory] CATALOG_UNAVAILABLE: data-field cache is stale
[factory] generation deferred; the outer loop will persist the reason and use catalog backoff

--- 2026-07-28T14:06:59Z cycle_17/simulate ---
[platform/auth] reusing stored session cookies; jwt_remaining=3706s
[platform/auth] reusing stored session cookies; jwt_remaining=3646s
[platform/auth] reusing stored session cookies; jwt_remaining=3636s
[platform/auth] reusing stored session cookies; jwt_remaining=3625s
[platform/auth] reusing stored session cookies; jwt_remaining=3615s
[platform/auth] reusing stored session cookies; jwt_remaining=3603s
[platform/auth] reusing stored session cookies; jwt_remaining=3592s
[platform/auth] reusing stored session cookies; jwt_remaining=3582s
[platform/auth] reusing stored session cookies; jwt_remaining=3571s
[factory] {"baseline_pass": 0, "deferred_reason": "", "descriptions_validated": 0, "failed": 9, "far_fail": 0, "generated": 9, "near_pass": 0, "simulated": 0}

--- 2026-07-28T14:24:25Z cycle_18/simulate ---
[platform/auth] reusing stored session cookies; jwt_remaining=2660s
[platform/auth] reusing stored session cookies; jwt_remaining=2611s
[platform/auth] reusing stored session cookies; jwt_remaining=2609s
[platform/auth] reusing stored session cookies; jwt_remaining=2607s
[platform/auth] reusing stored session cookies; jwt_remaining=2537s
[platform/auth] reusing stored session cookies; jwt_remaining=2432s
[platform/auth] reusing stored session cookies; jwt_remaining=2307s
[platform/auth] reusing stored session cookies; jwt_remaining=2235s
[factory] {"baseline_pass": 0, "deferred_reason": "", "descriptions_validated": 0, "failed": 3, "far_fail": 5, "generated": 8, "near_pass": 0, "simulated": 5}

--- 2026-07-28T14:34:52Z cycle_19/simulate ---
[platform/auth] reusing stored session cookies; jwt_remaining=2033s
[platform/auth] reusing stored session cookies; jwt_remaining=1951s
[platform/auth] reusing stored session cookies; jwt_remaining=1875s
[factory] {"baseline_pass": 0, "deferred_reason": "", "descriptions_validated": 0, "failed": 0, "far_fail": 3, "generated": 3, "near_pass": 0, "simulated": 3}

--- 2026-07-28T14:40:57Z cycle_20/simulate ---
[factory] {"baseline_pass": 0, "deferred_reason": "", "descriptions_validated": 0, "failed": 0, "far_fail": 0, "generated": 0, "near_pass": 0, "simulated": 0}
[factory] EMPTY_CANDIDATE_BATCH: no new simulation request was claimed; the outer loop will record a recoverable failure and back off

--- 2026-07-28T14:42:59Z cycle_21/simulate ---
[factory] {"baseline_pass": 0, "deferred_reason": "", "descriptions_validated": 0, "failed": 0, "far_fail": 0, "generated": 0, "near_pass": 0, "simulated": 0}
[factory] EMPTY_CANDIDATE_BATCH: no new simulation request was claimed; the outer loop will record a recoverable failure and back off

--- 2026-07-28T14:44:19Z cycle_1/simulate ---
[factory] {"baseline_pass": 0, "deferred_reason": "", "descriptions_validated": 0, "failed": 0, "far_fail": 0, "generated": 0, "near_pass": 0, "simulated": 0}
[factory] EMPTY_CANDIDATE_BATCH: no new simulation request was claimed; the outer loop will record a recoverable failure and back off

--- 2026-07-28T14:46:21Z cycle_2/simulate ---
[factory] {"baseline_pass": 0, "deferred_reason": "", "descriptions_validated": 0, "failed": 0, "far_fail": 0, "generated": 0, "near_pass": 0, "simulated": 0}
[factory] EMPTY_CANDIDATE_BATCH: no new simulation request was claimed; the outer loop will record a recoverable failure and back off

--- 2026-07-28T14:50:23Z cycle_3/simulate ---
[factory] {"baseline_pass": 0, "deferred_reason": "", "descriptions_validated": 0, "failed": 0, "far_fail": 0, "generated": 0, "near_pass": 0, "simulated": 0}
[factory] EMPTY_CANDIDATE_BATCH: no new simulation request was claimed; the outer loop will record a recoverable failure and back off

--- 2026-07-28T14:58:25Z cycle_4/simulate ---
[factory] {"baseline_pass": 0, "deferred_reason": "", "descriptions_validated": 0, "failed": 0, "far_fail": 0, "generated": 0, "near_pass": 0, "simulated": 0}
[factory] EMPTY_CANDIDATE_BATCH: no new simulation request was claimed; the outer loop will record a recoverable failure and back off

--- 2026-07-28T15:13:27Z cycle_5/simulate ---
[factory] {"baseline_pass": 0, "deferred_reason": "", "descriptions_validated": 0, "failed": 0, "far_fail": 0, "generated": 0, "near_pass": 0, "simulated": 0}
[factory] EMPTY_CANDIDATE_BATCH: no new simulation request was claimed; the outer loop will record a recoverable failure and back off

--- 2026-07-28T15:28:28Z cycle_6/simulate ---
[factory] {"baseline_pass": 0, "deferred_reason": "", "descriptions_validated": 0, "failed": 0, "far_fail": 0, "generated": 0, "near_pass": 0, "simulated": 0}
[factory] EMPTY_CANDIDATE_BATCH: no new simulation request was claimed; the outer loop will record a recoverable failure and back off

--- 2026-07-28T15:43:30Z cycle_7/simulate ---
[factory] {"baseline_pass": 0, "deferred_reason": "", "descriptions_validated": 0, "failed": 0, "far_fail": 0, "generated": 0, "near_pass": 0, "simulated": 0}
[factory] EMPTY_CANDIDATE_BATCH: no new simulation request was claimed; the outer loop will record a recoverable failure and back off

--- 2026-07-28T15:58:32Z cycle_8/simulate ---
[factory] {"baseline_pass": 0, "deferred_reason": "", "descriptions_validated": 0, "failed": 0, "far_fail": 0, "generated": 0, "near_pass": 0, "simulated": 0}
[factory] EMPTY_CANDIDATE_BATCH: no new simulation request was claimed; the outer loop will record a recoverable failure and back off

--- 2026-07-29T00:48:27Z cycle_1/simulate ---
[factory] {"baseline_pass": 0, "deferred_reason": "", "descriptions_validated": 0, "failed": 0, "far_fail": 0, "generated": 0, "near_pass": 0, "simulated": 0}
[factory] EMPTY_CANDIDATE_BATCH: no new simulation request was claimed; the outer loop will record a recoverable failure and back off

--- 2026-07-29T00:50:29Z cycle_2/simulate ---
[factory] {"baseline_pass": 0, "deferred_reason": "", "descriptions_validated": 0, "failed": 0, "far_fail": 0, "generated": 0, "near_pass": 0, "simulated": 0}
[factory] EMPTY_CANDIDATE_BATCH: no new simulation request was claimed; the outer loop will record a recoverable failure and back off

--- 2026-07-29T00:54:31Z cycle_3/simulate ---
[factory] {"baseline_pass": 0, "deferred_reason": "", "descriptions_validated": 0, "failed": 0, "far_fail": 0, "generated": 0, "near_pass": 0, "simulated": 0}
[factory] EMPTY_CANDIDATE_BATCH: no new simulation request was claimed; the outer loop will record a recoverable failure and back off

--- 2026-07-29T01:02:33Z cycle_4/simulate ---
[factory] {"baseline_pass": 0, "deferred_reason": "", "descriptions_validated": 0, "failed": 0, "far_fail": 0, "generated": 0, "near_pass": 0, "simulated": 0}
[factory] EMPTY_CANDIDATE_BATCH: no new simulation request was claimed; the outer loop will record a recoverable failure and back off

--- 2026-07-29T01:17:35Z cycle_5/simulate ---
[factory] {"baseline_pass": 0, "deferred_reason": "", "descriptions_validated": 0, "failed": 0, "far_fail": 0, "generated": 0, "near_pass": 0, "simulated": 0}
[factory] EMPTY_CANDIDATE_BATCH: no new simulation request was claimed; the outer loop will record a recoverable failure and back off

--- 2026-07-29T01:32:36Z cycle_6/simulate ---
[factory] {"baseline_pass": 0, "deferred_reason": "", "descriptions_validated": 0, "failed": 0, "far_fail": 0, "generated": 0, "near_pass": 0, "simulated": 0}
[factory] EMPTY_CANDIDATE_BATCH: no new simulation request was claimed; the outer loop will record a recoverable failure and back off

--- 2026-07-29T01:47:38Z cycle_7/simulate ---
[factory] {"baseline_pass": 0, "deferred_reason": "", "descriptions_validated": 0, "failed": 0, "far_fail": 0, "generated": 0, "near_pass": 0, "simulated": 0}
[factory] EMPTY_CANDIDATE_BATCH: no new simulation request was claimed; the outer loop will record a recoverable failure and back off

--- 2026-07-29T02:02:40Z cycle_8/simulate ---
[factory] {"baseline_pass": 0, "deferred_reason": "", "descriptions_validated": 0, "failed": 0, "far_fail": 0, "generated": 0, "near_pass": 0, "simulated": 0}
[factory] EMPTY_CANDIDATE_BATCH: no new simulation request was claimed; the outer loop will record a recoverable failure and back off

--- 2026-07-29T02:17:42Z cycle_9/simulate ---
[factory] {"baseline_pass": 0, "deferred_reason": "", "descriptions_validated": 0, "failed": 0, "far_fail": 0, "generated": 0, "near_pass": 0, "simulated": 0}
[factory] EMPTY_CANDIDATE_BATCH: no new simulation request was claimed; the outer loop will record a recoverable failure and back off

--- 2026-07-29T02:32:43Z cycle_10/simulate ---
[factory] {"baseline_pass": 0, "deferred_reason": "", "descriptions_validated": 0, "failed": 0, "far_fail": 0, "generated": 0, "near_pass": 0, "simulated": 0}
[factory] EMPTY_CANDIDATE_BATCH: no new simulation request was claimed; the outer loop will record a recoverable failure and back off

--- 2026-07-29T02:47:45Z cycle_11/simulate ---
[factory] {"baseline_pass": 0, "deferred_reason": "", "descriptions_validated": 0, "failed": 0, "far_fail": 0, "generated": 0, "near_pass": 0, "simulated": 0}
[factory] EMPTY_CANDIDATE_BATCH: no new simulation request was claimed; the outer loop will record a recoverable failure and back off

--- 2026-07-29T03:02:47Z cycle_12/simulate ---
[factory] {"baseline_pass": 0, "deferred_reason": "", "descriptions_validated": 0, "failed": 0, "far_fail": 0, "generated": 0, "near_pass": 0, "simulated": 0}
[factory] EMPTY_CANDIDATE_BATCH: no new simulation request was claimed; the outer loop will record a recoverable failure and back off

--- 2026-07-29T03:17:49Z cycle_13/simulate ---
[factory] {"baseline_pass": 0, "deferred_reason": "", "descriptions_validated": 0, "failed": 0, "far_fail": 0, "generated": 0, "near_pass": 0, "simulated": 0}
[factory] EMPTY_CANDIDATE_BATCH: no new simulation request was claimed; the outer loop will record a recoverable failure and back off

--- 2026-07-29T03:32:51Z cycle_14/simulate ---
[factory] {"baseline_pass": 0, "deferred_reason": "", "descriptions_validated": 0, "failed": 0, "far_fail": 0, "generated": 0, "near_pass": 0, "simulated": 0}
[factory] EMPTY_CANDIDATE_BATCH: no new simulation request was claimed; the outer loop will record a recoverable failure and back off

--- 2026-07-29T03:47:52Z cycle_15/simulate ---
[factory] {"baseline_pass": 0, "deferred_reason": "", "descriptions_validated": 0, "failed": 0, "far_fail": 0, "generated": 0, "near_pass": 0, "simulated": 0}
[factory] EMPTY_CANDIDATE_BATCH: no new simulation request was claimed; the outer loop will record a recoverable failure and back off

--- 2026-07-29T04:02:54Z cycle_16/simulate ---
[factory] {"baseline_pass": 0, "deferred_reason": "", "descriptions_validated": 0, "failed": 0, "far_fail": 0, "generated": 0, "near_pass": 0, "simulated": 0}
[factory] EMPTY_CANDIDATE_BATCH: no new simulation request was claimed; the outer loop will record a recoverable failure and back off

--- 2026-07-29T04:17:56Z cycle_17/simulate ---
[factory] {"baseline_pass": 0, "deferred_reason": "", "descriptions_validated": 0, "failed": 0, "far_fail": 0, "generated": 0, "near_pass": 0, "simulated": 0}
[factory] EMPTY_CANDIDATE_BATCH: no new simulation request was claimed; the outer loop will record a recoverable failure and back off

--- 2026-07-29T11:49:46Z cycle_1/simulate ---
[factory] {"baseline_pass": 0, "deferred_reason": "", "descriptions_validated": 0, "failed": 0, "far_fail": 0, "generated": 0, "near_pass": 0, "simulated": 0}
[factory] EMPTY_CANDIDATE_BATCH: no new simulation request was claimed; the outer loop will record a recoverable failure and back off

--- 2026-07-29T11:51:48Z cycle_2/simulate ---
[factory] {"baseline_pass": 0, "deferred_reason": "", "descriptions_validated": 0, "failed": 0, "far_fail": 0, "generated": 0, "near_pass": 0, "simulated": 0}
[factory] EMPTY_CANDIDATE_BATCH: no new simulation request was claimed; the outer loop will record a recoverable failure and back off

--- 2026-07-29T11:55:50Z cycle_3/simulate ---
[factory] {"baseline_pass": 0, "deferred_reason": "", "descriptions_validated": 0, "failed": 0, "far_fail": 0, "generated": 0, "near_pass": 0, "simulated": 0}
[factory] EMPTY_CANDIDATE_BATCH: no new simulation request was claimed; the outer loop will record a recoverable failure and back off

--- 2026-07-29T12:03:51Z cycle_4/simulate ---
[factory] {"baseline_pass": 0, "deferred_reason": "", "descriptions_validated": 0, "failed": 0, "far_fail": 0, "generated": 0, "near_pass": 0, "simulated": 0}
[factory] EMPTY_CANDIDATE_BATCH: no new simulation request was claimed; the outer loop will record a recoverable failure and back off

--- 2026-07-29T12:18:53Z cycle_5/simulate ---
[factory] {"baseline_pass": 0, "deferred_reason": "", "descriptions_validated": 0, "failed": 0, "far_fail": 0, "generated": 0, "near_pass": 0, "simulated": 0}
[factory] EMPTY_CANDIDATE_BATCH: no new simulation request was claimed; the outer loop will record a recoverable failure and back off

--- 2026-07-29T12:33:56Z cycle_6/simulate ---
[factory] {"baseline_pass": 0, "deferred_reason": "", "descriptions_validated": 0, "failed": 0, "far_fail": 0, "generated": 0, "near_pass": 0, "simulated": 0}
[factory] EMPTY_CANDIDATE_BATCH: no new simulation request was claimed; the outer loop will record a recoverable failure and back off

--- 2026-07-29T12:48:57Z cycle_7/simulate ---
[factory] {"baseline_pass": 0, "deferred_reason": "", "descriptions_validated": 0, "failed": 0, "far_fail": 0, "generated": 0, "near_pass": 0, "simulated": 0}
[factory] EMPTY_CANDIDATE_BATCH: no new simulation request was claimed; the outer loop will record a recoverable failure and back off

--- 2026-07-29T13:03:59Z cycle_8/simulate ---
[factory] {"baseline_pass": 0, "deferred_reason": "", "descriptions_validated": 0, "failed": 0, "far_fail": 0, "generated": 0, "near_pass": 0, "simulated": 0}
[factory] EMPTY_CANDIDATE_BATCH: no new simulation request was claimed; the outer loop will record a recoverable failure and back off

--- 2026-07-29T13:19:01Z cycle_9/simulate ---
[factory] {"baseline_pass": 0, "deferred_reason": "", "descriptions_validated": 0, "failed": 0, "far_fail": 0, "generated": 0, "near_pass": 0, "simulated": 0}
[factory] EMPTY_CANDIDATE_BATCH: no new simulation request was claimed; the outer loop will record a recoverable failure and back off

--- 2026-07-29T13:39:16Z cycle_1/simulate ---
[factory] {"baseline_pass": 0, "deferred_reason": "", "descriptions_validated": 0, "failed": 0, "far_fail": 0, "generated": 0, "near_pass": 0, "simulated": 0}
[factory] EMPTY_CANDIDATE_BATCH: no new simulation request was claimed; the outer loop will record a recoverable failure and back off

--- 2026-07-29T13:41:18Z cycle_2/simulate ---
[factory] {"baseline_pass": 0, "deferred_reason": "", "descriptions_validated": 0, "failed": 0, "far_fail": 0, "generated": 0, "near_pass": 0, "simulated": 0}
[factory] EMPTY_CANDIDATE_BATCH: no new simulation request was claimed; the outer loop will record a recoverable failure and back off

--- 2026-07-29T13:45:20Z cycle_3/simulate ---
[factory] {"baseline_pass": 0, "deferred_reason": "", "descriptions_validated": 0, "failed": 0, "far_fail": 0, "generated": 0, "near_pass": 0, "simulated": 0}
[factory] EMPTY_CANDIDATE_BATCH: no new simulation request was claimed; the outer loop will record a recoverable failure and back off

--- 2026-07-29T13:53:21Z cycle_4/simulate ---
[factory] {"baseline_pass": 0, "deferred_reason": "", "descriptions_validated": 0, "failed": 0, "far_fail": 0, "generated": 0, "near_pass": 0, "simulated": 0}
[factory] EMPTY_CANDIDATE_BATCH: no new simulation request was claimed; the outer loop will record a recoverable failure and back off
