[loop] start workspace=C:\Users\Windows11\Desktop\alpha batch_size=5 cycles=unbounded resilient=False submit_drain=False
[loop] log_file=C:\Users\Windows11\Desktop\alpha\pipeline_loop.log
[loop] ===== cycle 1 =====
[loop] cycle_1/simulate mode=full log=pipeline_loop.log
[factory] {"baseline_pass": 0, "deferred_reason": "", "descriptions_validated": 0, "failed": 0, "far_fail": 0, "generated": 0, "near_pass": 0, "simulated": 0}
[factory] EMPTY_CANDIDATE_BATCH: no new simulation request was claimed; the outer loop will record a recoverable failure and back off
[loop] cycle_1/simulate exit_code=1
[loop] cycle 1 simulate finished in 0.0h rc=1
[loop] cycle 1 done elapsed=2s sim_rc=1 submit_rounds=0
[loop] ===== cycle 2 =====
[loop] cycle_2/simulate mode=full log=pipeline_loop.log
[factory] {"baseline_pass": 0, "deferred_reason": "", "descriptions_validated": 0, "failed": 0, "far_fail": 0, "generated": 0, "near_pass": 0, "simulated": 0}
[factory] EMPTY_CANDIDATE_BATCH: no new simulation request was claimed; the outer loop will record a recoverable failure and back off
[loop] cycle_2/simulate exit_code=1
[loop] cycle 2 simulate finished in 0.0h rc=1
[loop] cycle 2 done elapsed=2s sim_rc=1 submit_rounds=0
[loop] ===== cycle 3 =====
[loop] cycle_3/simulate mode=full log=pipeline_loop.log
[factory] {"baseline_pass": 0, "deferred_reason": "", "descriptions_validated": 0, "failed": 0, "far_fail": 0, "generated": 0, "near_pass": 0, "simulated": 0}
[factory] EMPTY_CANDIDATE_BATCH: no new simulation request was claimed; the outer loop will record a recoverable failure and back off
[loop] cycle_3/simulate exit_code=1
[loop] cycle 3 simulate finished in 0.0h rc=1
[loop] cycle 3 done elapsed=2s sim_rc=1 submit_rounds=0
[loop] ===== cycle 4 =====
[loop] cycle_4/simulate mode=full log=pipeline_loop.log
[factory] {"baseline_pass": 0, "deferred_reason": "", "descriptions_validated": 0, "failed": 0, "far_fail": 0, "generated": 0, "near_pass": 0, "simulated": 0}
[factory] EMPTY_CANDIDATE_BATCH: no new simulation request was claimed; the outer loop will record a recoverable failure and back off
[loop] cycle_4/simulate exit_code=1
[loop] cycle 4 simulate finished in 0.0h rc=1
[loop] cycle 4 done elapsed=2s sim_rc=1 submit_rounds=0
[loop] ===== cycle 5 =====
[loop] cycle_5/simulate mode=full log=pipeline_loop.log
[factory] {"baseline_pass": 0, "deferred_reason": "", "descriptions_validated": 0, "failed": 0, "far_fail": 0, "generated": 0, "near_pass": 0, "simulated": 0}
[factory] EMPTY_CANDIDATE_BATCH: no new simulation request was claimed; the outer loop will record a recoverable failure and back off
[loop] cycle_5/simulate exit_code=1
[loop] cycle 5 simulate finished in 0.0h rc=1
[loop] cycle 5 done elapsed=2s sim_rc=1 submit_rounds=0
[loop] ===== cycle 6 =====
[loop] cycle_6/simulate mode=full log=pipeline_loop.log
[factory] {"baseline_pass": 0, "deferred_reason": "", "descriptions_validated": 0, "failed": 0, "far_fail": 0, "generated": 0, "near_pass": 0, "simulated": 0}
[factory] EMPTY_CANDIDATE_BATCH: no new simulation request was claimed; the outer loop will record a recoverable failure and back off
[loop] cycle_6/simulate exit_code=1
[loop] cycle 6 simulate finished in 0.0h rc=1
[loop] cycle 6 done elapsed=2s sim_rc=1 submit_rounds=0
[loop] ===== cycle 7 =====
[loop] cycle_7/simulate mode=full log=pipeline_loop.log
[factory] {"baseline_pass": 0, "deferred_reason": "", "descriptions_validated": 0, "failed": 14, "far_fail": 0, "generated": 14, "near_pass": 0, "simulated": 0}
[loop] cycle_7/simulate exit_code=1
[loop] cycle 7 simulate finished in 0.1h rc=1
[loop] cycle 7 done elapsed=440s sim_rc=1 submit_rounds=0
[loop] ===== cycle 8 =====
[loop] cycle_8/simulate mode=full log=pipeline_loop.log
[factory] {"baseline_pass": 0, "deferred_reason": "", "descriptions_validated": 0, "failed": 14, "far_fail": 0, "generated": 14, "near_pass": 0, "simulated": 0}
[loop] cycle_8/simulate exit_code=1
[loop] cycle 8 simulate finished in 0.1h rc=1
[loop] cycle 8 done elapsed=438s sim_rc=1 submit_rounds=0
[loop] ===== cycle 9 =====
[loop] cycle_9/simulate mode=full log=pipeline_loop.log
[factory] {"baseline_pass": 0, "deferred_reason": "", "descriptions_validated": 0, "failed": 14, "far_fail": 0, "generated": 14, "near_pass": 0, "simulated": 0}
[loop] cycle_9/simulate exit_code=1
[loop] cycle 9 simulate finished in 0.1h rc=1
[loop] cycle 9 done elapsed=437s sim_rc=1 submit_rounds=0
[loop] ===== cycle 10 =====
[loop] cycle_10/simulate mode=full log=pipeline_loop.log
[factory] {"baseline_pass": 0, "deferred_reason": "", "descriptions_validated": 0, "failed": 14, "far_fail": 0, "generated": 14, "near_pass": 0, "simulated": 0}
[loop] cycle_10/simulate exit_code=1
[loop] cycle 10 simulate finished in 0.1h rc=1
[loop] cycle 10 done elapsed=440s sim_rc=1 submit_rounds=0
[loop] ===== cycle 11 =====
[loop] cycle_11/simulate mode=full log=pipeline_loop.log
[factory] {"baseline_pass": 0, "deferred_reason": "", "descriptions_validated": 0, "failed": 14, "far_fail": 0, "generated": 14, "near_pass": 0, "simulated": 0}
[loop] cycle_11/simulate exit_code=1
[loop] cycle 11 simulate finished in 0.1h rc=1
[loop] cycle 11 done elapsed=437s sim_rc=1 submit_rounds=0
[loop] ===== cycle 12 =====
[loop] cycle_12/simulate mode=full log=pipeline_loop.log
[factory] {"baseline_pass": 0, "deferred_reason": "", "descriptions_validated": 0, "failed": 14, "far_fail": 0, "generated": 14, "near_pass": 0, "simulated": 0}
[loop] cycle_12/simulate exit_code=1
[loop] cycle 12 simulate finished in 0.1h rc=1
[loop] cycle 12 done elapsed=442s sim_rc=1 submit_rounds=0
[loop] ===== cycle 13 =====
[loop] cycle_13/simulate mode=full log=pipeline_loop.log
[factory] {"baseline_pass": 0, "deferred_reason": "", "descriptions_validated": 0, "failed": 14, "far_fail": 0, "generated": 14, "near_pass": 0, "simulated": 0}
[loop] cycle_13/simulate exit_code=1
[loop] cycle 13 simulate finished in 0.1h rc=1
[loop] cycle 13 done elapsed=433s sim_rc=1 submit_rounds=0
[loop] ===== cycle 14 =====
[loop] cycle_14/simulate mode=full log=pipeline_loop.log
[factory] {"baseline_pass": 0, "deferred_reason": "", "descriptions_validated": 0, "failed": 14, "far_fail": 0, "generated": 14, "near_pass": 0, "simulated": 0}
[loop] cycle_14/simulate exit_code=1
[loop] cycle 14 simulate finished in 0.1h rc=1
[loop] cycle 14 done elapsed=436s sim_rc=1 submit_rounds=0
[loop] ===== cycle 15 =====
[loop] cycle_15/simulate mode=full log=pipeline_loop.log
[factory] {"baseline_pass": 0, "deferred_reason": "", "descriptions_validated": 0, "failed": 0, "far_fail": 0, "generated": 0, "near_pass": 0, "simulated": 0}
[factory] EMPTY_CANDIDATE_BATCH: no new simulation request was claimed; the outer loop will record a recoverable failure and back off
[loop] cycle_15/simulate exit_code=1
[loop] cycle 15 simulate finished in 0.0h rc=1
[loop] cycle 15 done elapsed=2s sim_rc=1 submit_rounds=0
[loop] ===== cycle 16 =====
[loop] cycle_16/simulate mode=full log=pipeline_loop.log
[factory] {"baseline_pass": 0, "deferred_reason": "", "descriptions_validated": 0, "failed": 0, "far_fail": 0, "generated": 0, "near_pass": 0, "simulated": 0}
[factory] EMPTY_CANDIDATE_BATCH: no new simulation request was claimed; the outer loop will record a recoverable failure and back off
[loop] cycle_16/simulate exit_code=1
[loop] cycle 16 simulate finished in 0.0h rc=1
[loop] cycle 16 done elapsed=2s sim_rc=1 submit_rounds=0
[loop] ===== cycle 17 =====
[loop] cycle_17/simulate mode=full log=pipeline_loop.log
[factory] {"baseline_pass": 0, "deferred_reason": "", "descriptions_validated": 0, "failed": 0, "far_fail": 0, "generated": 0, "near_pass": 0, "simulated": 0}
[factory] EMPTY_CANDIDATE_BATCH: no new simulation request was claimed; the outer loop will record a recoverable failure and back off
[loop] cycle_17/simulate exit_code=1
[loop] cycle 17 simulate finished in 0.0h rc=1
[loop] cycle 17 done elapsed=2s sim_rc=1 submit_rounds=0
[loop] ===== cycle 18 =====
[loop] cycle_18/simulate mode=full log=pipeline_loop.log
[factory] {"baseline_pass": 0, "deferred_reason": "", "descriptions_validated": 0, "failed": 0, "far_fail": 0, "generated": 0, "near_pass": 0, "simulated": 0}
[factory] EMPTY_CANDIDATE_BATCH: no new simulation request was claimed; the outer loop will record a recoverable failure and back off
[loop] cycle_18/simulate exit_code=1
[loop] cycle 18 simulate finished in 0.0h rc=1
[loop] cycle 18 done elapsed=2s sim_rc=1 submit_rounds=0
[loop] ===== cycle 19 =====
[loop] cycle_19/simulate mode=full log=pipeline_loop.log
[factory] {"baseline_pass": 0, "deferred_reason": "", "descriptions_validated": 0, "failed": 0, "far_fail": 0, "generated": 0, "near_pass": 0, "simulated": 0}
[factory] EMPTY_CANDIDATE_BATCH: no new simulation request was claimed; the outer loop will record a recoverable failure and back off
[loop] cycle_19/simulate exit_code=1
[loop] cycle 19 simulate finished in 0.0h rc=1
[loop] cycle 19 done elapsed=2s sim_rc=1 submit_rounds=0
[loop] ===== cycle 20 =====
[loop] cycle_20/simulate mode=full log=pipeline_loop.log
[factory] {"baseline_pass": 0, "deferred_reason": "", "descriptions_validated": 0, "failed": 0, "far_fail": 0, "generated": 0, "near_pass": 0, "simulated": 0}
[factory] EMPTY_CANDIDATE_BATCH: no new simulation request was claimed; the outer loop will record a recoverable failure and back off
[loop] cycle_20/simulate exit_code=1
[loop] cycle 20 simulate finished in 0.0h rc=1
[loop] cycle 20 done elapsed=2s sim_rc=1 submit_rounds=0
[loop] ===== cycle 21 =====
[loop] cycle_21/simulate mode=full log=pipeline_loop.log
[factory] {"baseline_pass": 0, "deferred_reason": "", "descriptions_validated": 0, "failed": 0, "far_fail": 0, "generated": 0, "near_pass": 0, "simulated": 0}
[factory] EMPTY_CANDIDATE_BATCH: no new simulation request was claimed; the outer loop will record a recoverable failure and back off
